\begin{tabular}{lrrrr}
\hline
 name   &   min_len &   max_len &   avg_len &   num_seqs \\
\hline
 1.fa   &        96 &        96 &        96 &          1 \\
\hline
\end{tabular}
