name      min_len    max_len    avg_len    num_seqs
1.fa           96         96         96           1
