\begin{tabular}{lrrrr}
\toprule
 name   &   min\_len &   max\_len &   avg\_len &   num\_seqs \\
\midrule
 1.fa   &        96 &        96 &        96 &          1 \\
\bottomrule
\end{tabular}
