\begin{tabular}{lrrrr}
\hline
 name                &   min\_len &   max\_len &   avg\_len &   num\_seqs \\
\hline
 ./tests/inputs/1.fa &        96 &        96 &        96 &          1 \\
\hline
\end{tabular}
