\begin{tabular}{lrrrr}
\toprule
 name                &   min\_len &   max\_len &   avg\_len &   num\_seqs \\
\midrule
 ./tests/inputs/2.fa &       968 &       968 &       968 &          1 \\
\bottomrule
\end{tabular}
