\begin{tabular}{lrrrr}
\hline
 name                &   min_len &   max_len &   avg_len &   num_seqs \\
\hline
 ./tests/inputs/2.fa &       968 &       968 &       968 &          1 \\
\hline
\end{tabular}
