>1
AACTATGTTTTGGTTAATATTAAAAACGAATCCGCGTTATCATCAAACGCTTAAAACTACCCTCGGAAT
>2
TACTAGCCCCTGGATCCCAAAAAGTCAAATTGGTGGATGCTTACATTCATTGATCTGAAGCTTTAAGAGATCA
>3
CAAAACATTAATTATCAGCTAATCCTTGAATAAACTCCTTATCAAAATATTGTATGGT
>4
AAGATATTAACACAAACTTTAGCTTGCGCTTTTCATTGTTCAGAATTATTATTGGTATTTCAGC
>5
CAATGGCGGTGGTTTTGTCTGCGATTTTAGCGGTTCTGTTAGTGCCTGTATGAAA
>6
TTGCTTCTCTTGAATTAATAGTTGGCGGGCTTTGGTGGTAACTCTCAGTAG
>7
GCTTAAGGAAATAATTGGAGCGGTAAAACCGACTAGGATATAATGTCATTGCAACTAATATTATTGAG
>8
ACGATTATATATTTCTGATTTCGCAGGATTCTGCAATTAAATCTACATTGTCAAAATCGACAA
>9
TTTAGGTACTCGGTTACTGTCAGGGCTACTGTTGATCTATAGAAGGCAAAGAAAT
>10
TTGAGGCTGACGAAGGAAGAGAAGATCTTTACAACTTTCGATGGCGTCAAAAGACGCATCGACAGCTTTATATATA
>11
AGTCCCATTTTTTAAATTTATTGAAAGTGAAACCGCTAGAAAGCCAAAGGAGAAAGCTAGGGTATAAAATTA
>12
AACTAGCACCAAAAGATCTTTACTTAAAAGAAATATTCATAATTATCAACTTTATTATCTTA
>13
GAAGCCCTTGAACTATCTTAGTTGCTGTAGAATTAGGGCAGAAGATTTTAAA
>14
ATTTGATAGCCTTTGATCCGTGTGCCAAGCGCACGCCTATTGGGCGCAGAAACCA
>15
TTATTCATCATATTTGTAAATTATCTATAATTCCATACTTCACCTTTATTTGATTTTTCA
>16
AGGAATAACAGAGATATTCCTACTGGTTTAATTCTTCATTAGAACTAAATTT
>17
GTATATTCATTCAACAATTTTACAGTTGGCGTTCATGGTCGAGATCAAATGTTGCAA
>18
TTTCTATTGGTGACTCAAACAATGTAATTGTTTCTGTTCAGCAGGATTAGCTGGTGAGT
>19
TGAGTAAGGATTTTATGGAGGAATGAAAACCCTACGGATATTCTAAAAATATGAGAAAGGAATATTT
>20
GGATATTCCTACTGGTTTATTTCAACCGATTCCAGCTAACATAAAGATAACAAATGCTGAT
>21
CAGTATATCACTAAATGTCATTGTTGTAAATAATTTTAACCTTTTCAATCAAATAATATTAAAAACATTTAGAT
>22
CATTCACTTGTTAAACCAGGTCAAAGATTAAGTTAGGTAGCCAATTACTGAGTCATTCAATCGA
>23
TCTGATCTTATATTTTGTCAGGATTCAATAGAATCACTATAAATGTGCCGGGAG
>24
CGGGTTGCAAAGAACTGAATTTTTCTTATATTTTTGGCTTATGAAAAGGTTGAAAA
>25
CAGAGTCCTCTGC
>26
TACAATCCCTTCAGGTCTAAAATACAATGCTGCAAATCTTCTGATGCCTATCAAT
>27
AGAGCATATGCTGACTGAGTAAATTTTCCGAAATTTCTTTTAATTCTTCTATTTTCACTCTCTCACCTTTAACATT
>28
TATTCCGGTTGTGTCTAAATCCAGCACCAGAGGGATGGGAAGGACAATAATGTCACTGGAAGTTGT
>29
TAAATGGTGATAGATCACTAGTGCGGAACCATTGCAGATCAGTTTGGTAATGATTGGAGGTT
>30
AAGATATGGATTGATTTCGCAGGATTAGCTGGTGAGTCATTACTTGCAAGCCTAGAGAAAAGGATTTCTTTTGC
>31
TGCAACCTATGAAAACCTGTAATAGATACAATTAAACTAGATCAAATAAGTATCTACACCT
>32
CTGGTAAATTTTAAACTTCAAAAATGTTGGCTATATCTTCAATTTATCTTTTAATTTTTCTCTAGAAATAAT
>33
AAATGTAGATAAAGCAATAAATGATAGAGTTGCAGAACAATTTGATTTTTGA
>34
ACAGCCGTTGGGCCCCACAA
>35
TGAGCTTCGAACTCAGTATACGGTTACATTACTTATATGCATCAGGTTCTTGAAG
>36
TACCCATCTTTGCTTTCTTTAACAGAACAAAAAGTTTTGCCTTTTATAAGATTGTTAT
>37
ATTTTTACAATTAAATGAAATTCCCGGACTTCTTTGAGAAAATTTAAAACTACCAATAAAGATAGA
>38
TACATCCATAATATTCTTTAATATTATCTTTCGCATTTTTTGCAGTTGATGTACCTACAATCT
>39
GCCAAGCGCACGCCGCGCGTATTGATCAATTCCAATTCCTGTTGTTGCTTAATTGGGAAGTTGTTGA
>40
ATCATATTGTGCTCGATAACCAAAAATCTATTTTCAGAAACGAAAATGTATTTTTCTAAATTTTTGTA
>41
AGACTTGCTCCTTTGCAGATTACATTCACTTGTTAAGCCTATAATGTTTTAGATGAAATGT
>42
TGAGGTCATTGGACTTAACTGATGCATCTAAAAAACTAACTGATACAGGACTAATACCTCCGCCAATCTCAAT
>43
GTTCAAGCTATCAAAATGAAATTTTCTAATTTATCAATTAGAATCATATCGTT
>44
CTTAGGCTTAGGTGACATAATTAAGACCAAATAAAGTGAACAATAAAGAATTTAATCATCTGATTTATTTAAAT
>45
TTTTAGTCCAACATTAACATTGCTCAGGCATTCAATGGATGAAATCTGAATG
>46
TTACAGCGCTTGGAGATTGTGAACCGATATTGACC
>47
ATTCGCTTCTTCGCCATAAAGCGTTTTCATGCACAGAAGTCCTCTTGTAGCTCAATATTTTCA
>48
GAAGAGAATCCGAAGCATATCAAACTCAAACCTTTCACAACCTAATAATCTTATAATAGAAGGTCT
>49
TAACTTTGTCTTTTNTT
>50
ACAATCCTCGAACAA
>51
TTACAGAGAAAAACGCTCTATATTGAAGACAAAGTGGCGGTAGGGGACAGTATGGACTTTAGTTTGAATA
>52
TGCGTATTGGAAACGCATGAGGCGTGCCACCGGGTATTCCTCACAATTCAATTGTAAGTG
>53
AGCTGATGGAGCAATGCTAACGTTTGTAGCCCATCAGTTCTTGCAGTCCCAATATGCATAAAGA
>54
GATAAAATCAAATGCTCCAACATTTATTAAGACATTCAACAGAAACATATTGATGTT
>55
TAACAGTGACAGCTGCACAAGTCCTTCTTATCATTAGAACTAATTTTTTTAG
>56
TGACCTCAACTCTTTTTTATTTTCTGGTAACCAGGAACATATGTTTGATGAATGAAACTAAAACAA
>57
ACTGGAAGGACTATTTACAGTCTGAAATAAATGACAATGAATAATCAGGAGTTAAATCTTTAAT
>58
ACCAAGGGTTTTGTATATTTGTAAGATACTCAAAAGCACATTATTCTTTTTTGTTTAAGAAACTCGATTTAGCTAT
>59
TAACGTAATATTCAAAGTAAACTTAAAGCCTCAGTCAGTAACAAATCCGTTGTGTTTGTTCTACTCTTCCAT
>60
TTTAGGTTCCGTTATAATACCAGCAGTCCCTCCACTCCCATTTTGTAATTTCACCTAC
>61
TGAGACAAAAAATTTGTATCTTTTTATTATTTAAATCCATTTAACTGCATACTTTTCCGTTTTCTTTGCATC
>62
GTTCATGTTAATTTTTTTCCGTAATAAGTTGGAATTTCTGCAAGCTTTAATTTAAT
>63
GATAGTCCTTTGCTAAGTCTGCACCTAACTTTGGACAGAGTTAAATTAAGAATTTCAAATTTATCATTCCGAA
>64
TTCCTCACCATAGGTTCTACAAGAAAAAAGAAAATTTCAGGTTCCCTACTACCTAGGTCACTTA
>65
CAGGAATAATAGATATTGATTTTAATTTGGCTAA
>66
TTATCGTCAGCCCATTCATTCGGTTTATTTGATTTAAACCTAAAATGAAGAAACATATTGAA
>67
GTTCTATGGACATAATGATTATGGGACTGTAGCTCAGCTAATAGATACTGCAA
>68
CACTTGGGTTCTCTATGTTTTCAGTTTCATTTTTACTATTCTTGAGAGAGGATACAGGATCAG
>69
CACCTAGAAAGTTAATGATGGGTGCTGAGCATGGGTATGCTATTGGAATGTTAGTAGGAACATCAATC
>70
GTGAGACTTTAAAAGAGAGTGTTTAGGTAGTATAATTATAGTTATTAACATTG
>71
ATCAAGAATTGATTCTATTCCTAATTTATGAACTGGCTTACTTGCAGCAGGAGTAGCAGTAAAG
>72
GGATATTCTAATTATATTTCACCTTCTGTTCGTAGTGTGTTCATTTTATCGATAAAATCAAGAC
>73
TCAAGTGGCTCTGGTTCCAGAAATAGATGATGAAATTTATTTAACAAAACGAATCCGTTCCGAGTCGGCTTTTG
>74
CTCTATTGGTGGTGTTTTATGGTCGACCAGTTTGGCGGCATCAAGTTGGTCT
>75
TAAACTTCAAAAACACCACCAGAACTCGCACCATCAAAATCCGGAACAGACCCCAAGTTATAAA
>76
TCGACGCTTT
>77
CTTAATGATCTTGGTATACTTTTTCTACCTCTAAAACTTTATTACTTTCTGAAAAATTTAGTACTTGGAC
>78
AGGATCAGGTTATCAAGTCAGACTGATTAAAGTTTGTTGTGCTTATAGGAGCAGTAAGATTCCAAATGTT
>79
GGTTTTGGATTTTTGCCAAAATAAATAAAAATTTATTGGTATTAATACCAGCA
>80
GTAGATATGAAATAATAATTGATTTTTACATCCTTTCATCATTTTTTTAAAAATATAACAGTCTAA
>81
CCTATTTTACTATTTCTTCTGATTTCGCAGGATTAGAGAATGCTTTTTGTTTTCTTTGTTTCTAATC
>82
GAAACCAAACACAGAACCTCGTAAAAATCCAAGAATTTCATATCCAATTCTCATAACAGTATGTAA
>83
TGTAGATGGAAAAAAATTTATTTAATTAATAACTTTTCATTGCATAAGAAATATTAGAAA
>84
ATGGCCCACATAGTAAATATAAACGAGCCTCAATCAACATTGCCTGTAATCCAGCATA
>85
TTGGGTCAGGTTTATTAATTGCTTCTTTATCTCATTTAAGATTTATATAATTTCCGACGAGGT
>86
GATAGAACAAACGGGATATCAAAAATTTGAACACCGTCCTTTTCTTTCTTCTTTTATATTAAAC
>87
CACAATATGGAAAAATAGATAGTGTCGAAAATTTTATGTGCACCACGCTGTTACAGTTCCTGCTGCAACATA
>88
AGATGGAGGAACTGCCTTCTGGTATTACATCACAAACGCCAAC
>89
TATCTGCTTAGCAGGTTCAGTTGGTCAAACTGTCTCATAATTAATTTGGAACAACTTTTA
>90
CCAAGAGTGTTTTAGTTGCTGGAACAGTTGGAATTTTTACCTAATTTTATCAA
>91
CTCTCAACACTTCATGGAAGGTAATTAATGATACCAATGAAGGAAGAGGAGGACTCGGAGT
>92
AAATGAGCCCCAGCATGTTGTATAAGCTCCAGTTGACTTGGAGAAAAAAGATTTCTACACAGGTAATTG
>93
AAAGCCTTTTCAATTCTTTAGAAAACATTTAGACAATAAATTAGACAAGTCGTCGTTTCTAATTCTATTT
>94
CTATTCAAATCAGAATAATCCCCTGTTACATCACCTAAAGCAAAGAAGAATTTGCTCTCAACGCAACT
>95
TTCAGCTGTTTCAGTGGATAAAATGAGTCATTACTCAAAGGAAACATTAAATTTGATTTTTTTGTTTCGGGAA
>96
GCAGTCCCTTATACTTACTTGTAACAAATTATCTGGCAGGCTACGTCAACTTTGATGGGTTGCA
>97
TGCTGGATCATGATCAATATTCTCTTAATAAGGCATTTGCTCCAACAGTGTTTTC
>98
ATGATTAATGTCGATAAGGACGCAAAATACATATGGATCACGCGTGATCAATGAACTGCTTTTGAA
>99
GCAACAGAAGTAAGTCTCTTGATTGACAAAGACAACTTTTGAAGGCAAGGCATAAAAGCACCTC
>100
AGACCTATCTACGATTAAAGAGCAAGCTCACCAGAAAAGATTTTGGGTTTCAAATTAAATTAAGATTAAAAAA
