>1
TAGTATAATTTTTAAAAGAGATCCTATAGCTACGTTGCTCTGGATATAGTGCGTTAAAAGTCTCTTGAA
>2
ACTTGAAAATGCAATCTGTAATCCAGCATAGGCACTAAAGGTCGGCTCTGCTAGCATACTTTTTG
>3
AGAACTCGTAGATCAACTCGAAGATAAAATTTCTAGACTTTATTTAAGAGATGT
>4
CAACTGCTTGTTTATTACTTTATTTTCGTAAGACTCTACAACACGTAATCTCTCAAGAAGTTGAAATGA
>5
GTGCTTCCATCTGAGCGCCTTCTGGATTTCTTTAATGGTTTTAAAATTAAAAAATAGGTCTTGGCCAT
>6
TTTTCGGTCTGCCTACTGATGAAGATACAGAGGTTATGCTTCTCAGAATCTATTACTGCAGAA
>7
CAGTTTACAGCACCTTGTAAGTTTAAAGCAAAGTCTGCCATTCTTTTAGCCTGTCTTT
>8
TGTGCCGAACCAAATAAGAATTTTCCTAAAAGAAATACTATCATGTTAGAACTCAACTT
>9
CATTTTATTGGAGTGGATCTTATAATAATCCGAATAGTTTAATTTTGTTAGATGTTTTTGTCAAAATGTA
>10
TCTGCTGGAGTTACCCCTAGAATACCAACTCCTAATAACCTAAAAGTAACCGTGTGCAGCTACAATGTTGTATGTT
